// Jest Snapshot v1, https://goo.gl/fbAQLP

exports[`renders App 1`] = `
<nav
  className="navbar navbar-expand-lg navbar-dark bg-dark"
>
  <a
    className="navbar-brand"
    href="/"
  >
    EpiViz
  </a>
  <button
    aria-controls="navbarSupportedContent"
    aria-expanded="false"
    aria-label="Toggle navigation"
    className="navbar-toggler"
    data-target="#navbarSupportedContent"
    data-toggle="collapse"
    type="button"
  >
    <span
      className="navbar-toggler-icon"
    />
  </button>
  <div
    className="collapse navbar-collapse"
    id="navbarSupportedContent"
  >
    <ul
      className="navbar-nav mr-auto"
    >
      <NavItem
        activeOnExactMatch={true}
        linksTo="/"
        name="New Job"
      />
      <NavItem
        linksTo="/jobs"
        name="Jobs"
      />
      <NavItem
        linksTo="/compare"
        name="Compare"
      />
    </ul>
  </div>
</nav>
`;
