// Jest Snapshot v1, https://goo.gl/fbAQLP

exports[`SideBarContainer should render with given component 1`] = `
<DocumentFragment>
  <div
    class="drawer-wrap"
  >
    <button
      aria-label="Close"
      class="btn btn-primary"
      type="button"
    >
      <span>
        Settings
      </span>
      <svg
        class="bi bi-gear-fill"
        fill="currentColor"
        height="1em"
        viewBox="0 0 16 16"
        width="1em"
        xmlns="http://www.w3.org/2000/svg"
      >
        <path
          clip-rule="evenodd"
          d="M9.405 1.05c-.413-1.4-2.397-1.4-2.81 0l-.1.34a1.464 1.464 0 01-2.105.872l-.31-.17c-1.283-.698-2.686.705-1.987 1.987l.169.311c.446.82.023 1.841-.872 2.105l-.34.1c-1.4.413-1.4 2.397 0 2.81l.34.1a1.464 1.464 0 01.872 2.105l-.17.31c-.698 1.283.705 2.686 1.987 1.987l.311-.169a1.464 1.464 0 012.105.872l.1.34c.413 1.4 2.397 1.4 2.81 0l.1-.34a1.464 1.464 0 012.105-.872l.31.17c1.283.698 2.686-.705 1.987-1.987l-.169-.311a1.464 1.464 0 01.872-2.105l.34-.1c1.4-.413 1.4-2.397 0-2.81l-.34-.1a1.464 1.464 0 01-.872-2.105l.17-.31c.698-1.283-.705-2.686-1.987-1.987l-.311.169a1.464 1.464 0 01-2.105-.872l-.1-.34zM8 10.93a2.929 2.929 0 100-5.86 2.929 2.929 0 000 5.858z"
          fill-rule="evenodd"
        />
      </svg>
    </button>
    <div
      class="drawer false"
    >
      <svg
        aria-hidden="true"
        class="svg-inline--fa fa-times fa-w-11 "
        data-icon="times"
        data-prefix="fas"
        focusable="false"
        role="img"
        viewBox="0 0 352 512"
        xmlns="http://www.w3.org/2000/svg"
      >
        <path
          d="M242.72 256l100.07-100.07c12.28-12.28 12.28-32.19 0-44.48l-22.24-22.24c-12.28-12.28-32.19-12.28-44.48 0L176 189.28 75.93 89.21c-12.28-12.28-32.19-12.28-44.48 0L9.21 111.45c-12.28 12.28-12.28 32.19 0 44.48L109.28 256 9.21 356.07c-12.28 12.28-12.28 32.19 0 44.48l22.24 22.24c12.28 12.28 32.2 12.28 44.48 0L176 322.72l100.07 100.07c12.28 12.28 32.2 12.28 44.48 0l22.24-22.24c12.28-12.28 12.28-32.19 0-44.48L242.72 256z"
          fill="currentColor"
        />
      </svg>
      <p>
        ChildComponent
      </p>
    </div>
  </div>
</DocumentFragment>
`;
